
git的使用

1 安装Git
	安装完成后，在电脑某个目录右击，选择git bash here，出现的界面是linux界面，
	在这个界面里执行如下：
	
	//设置用户名和Email
	$ git config --global user.name "Your Name"
	$ git config --global user.email "email@example.com"
	
2 创建版本库	
	//创建git仓库
	$ mkdir learngit
	$ cd learngit
	$ git init
	Initialized empty Git repository in /Users/michael/learngit/.git/

3 查看库状态
	//查看仓库当前状态
	$ git status
	# On branch master
	# Changes not staged for commit:
	#   (use "git add <file>..." to update what will be committed)
	#   (use "git checkout -- <file>..." to discard changes in working directory)
	#
	#    modified:   readme.txt
	#
	no changes added to commit (use "git add" and/or "git commit -a")
	
	//查看修改了哪些内容
	$ git diff readme.txt 
	diff --git a/readme.txt b/readme.txt
	index 46d49bf..9247db6 100644
	--- a/readme.txt
	+++ b/readme.txt
	@@ -1,2 +1,2 @@
	-Git is a version control system.
	+Git is a distributed version control system.
	Git is free software.
	
	//提交修改和提交新文件是一样的两步，先add,再commit
	
4 版本回退
	//查看日志
	$ git log --pretty=oneline
	5c9169a7fd16a9bbbede81055b77f3e328d58325 update readme.txt
	90250ad58fd028f674a31c4fb509117e02695b61 add 3 files
	c2a45be2694230b78592d51d27fd7e83bac45cb4 wrote a readme file

	//head表示当前版本，head^表示上一个版本，head^^表示上上一个版本，head~100表示上100个版本
	//commit id表示版本号
	
	//回退版本
	$ git reset --hard HEAD^
	HEAD is now at ea34578 add distributed
	
	//我擦，回退错了肿么办，不怕，只要有commit id就可以回到未来
	$ git reset --hard 3628164
	HEAD is now at 3628164 append GPL
	
	//我擦，没有commit id肿么办，不怕，有后悔药！
	//reflog命令记录你的每一次命令
	$ git reflog
	5c9169a HEAD@{0}: reset: moving to head^
	3c8d5ad HEAD@{1}: reset: moving to 3c8d5adf096a4e
	5c9169a HEAD@{2}: reset: moving to head^
	3c8d5ad HEAD@{3}: commit: add wtf
	5c9169a HEAD@{4}: commit: update readme.txt
	90250ad HEAD@{5}: commit: add 3 files
	c2a45be HEAD@{6}: commit (initial): wrote a readme file
	
	//我胡汉三又回来了
	$ git reset --hard 3c8d5ad
	HEAD is now at 3c8d5ad add wtf
	
5 工作区和暂存区
//工作区和暂存区的图
http://www.liaoxuefeng.com/wiki/0013739516305929606dd18361248578c67b8067c8c017b000/0013745374151782eb658c5a5ca454eaa451661275886c6000

工作区（Working Directory）
就是你在电脑里能看到的目录，比如我的learngit文件夹就是一个工作区

版本库（Repository）
工作区有一个隐藏目录.git，这个不算工作区，而是Git的版本库。
Git的版本库里存了很多东西，其中最重要的就是称为stage（或者叫index）的暂存区，还有Git为我们自动创建的第一个分支master，以及指向master的一个指针叫HEAD。

分支和HEAD的概念我们以后再讲。

前面讲了我们把文件往Git版本库里添加的时候，是分两步执行的：
第一步是用git add把文件添加进去，实际上就是把文件修改添加到暂存区；
第二步是用git commit提交更改，实际上就是把暂存区的所有内容提交到当前分支。
因为我们创建Git版本库时，Git自动为我们创建了唯一一个master分支，所以，现在，git commit就是往master分支上提交更改。
你可以简单理解为，需要提交的文件修改通通放到暂存区，然后，一次性提交暂存区的所有修改。

6 管理修改
什么是修改？比如你新增了一行，这就是一个修改，删除了一行，也是一个修改，更改了某些字符，也是一个修改，删了一些又加了一些，也是一个修改，甚至创建一个新文件，也算一个修改。
step
1)修改readme.txt，在末尾添加一行
2)git add readme.txt
3)再次修改readme.txt
4)git commit -m "first edit"
5)git status //发现第二次修改没提交

git管理的是修改，当你用git add命令，只是把文件提交到stage区，使用git commit才会把stage区的文件提交到branch。
那第二次的修改没有add，所以还在工作区。	
此时，可以用
$ git diff HEAD -- readme.txt
查看工作区和版本库里面最新版本的区别

那怎么提交第二次修改呢？
先add，再commit。

每次修改，如果不add到暂存区，那就不会加入到commit中。

7 撤销修改
场景1：当你改乱了工作区某个文件的内容，想直接丢弃工作区的修改时，用命令git checkout -- file。
场景2：当你不但改乱了工作区某个文件的内容，还添加到了暂存区时，想丢弃修改，分两步，第一步用命令git reset HEAD file，就回到了场景1，第二步按场景1操作。
注：使用tortoisegit的Revert命令
当先后两次修改，都add到stage区，执行Revert操作两次修改都丢弃。
当第一次修改，add到stage区，第二次修改不add，执行Revert操作两次修改都丢弃。

8 删除文件
	$ rm a.txt
	执行上面删除命令，可以使用git checkout -- a.txt恢复
	
	$ git rm b.txt
	执行上面命令，可以使用git checkout -- a.txt无法恢复
	提示：
	error: pathspec 'b.txt' did not match any file(s) known to git.
	
	解决？
	$ git reset head c.txt
		Unstaged changes after reset:
		D       c.txt
	$ git checkout -- c.txt
	$ git status
		On branch master
		nothing to commit, working directory clean

9 远程仓库
	1)在github上新建远程库，记得要把pubkey加到github上
	2)关联一个远程库，在自己的clairvoyant库下面使用命令git remote add origin git@github.com:fxcjj/clairvoyant.git
	3)关联后，使用命令git push -u origin master 第一次推送master分支的所有内容.
		把本地库的内容推送到远程，用git push命令，实际上是把当前分支master推送到远程。
		由于远程库是空的，我们第一次推送master分支时，加上了-u参数，Git不但会把本地的master分支内容推送的远程新的master分支，
		还会把本地的master分支和远程的master分支关联起来，在以后的推送或者拉取时就可以简化命令。
	4)此后，使用命令git push origin master推送即可。

10 从远程库克隆
	1)要克隆一个仓库，首先必须知道仓库的地址，然后使用git clone命令克隆。
	2)Git支持多种协议，包括https，但通过ssh支持的原生git协议速度最快。
	3)git clone git@github.com:fxcjj/clairvoyant.git

11 创建与合并分支
每次提交都是提交到一个时间线上，当前时间线为HEAD。
HEAD指向当前的branch，当切换branch时，HEAD会跟着指向新branch。

//创建dev分支，然后切换到dev分支
git checkout -b dev

//查看分支
git branch
* dev
  master

前面有*的表示当前分支

//在dev分支新建c.txt并提交
touch c.txt
git add c.txt
git commit -m "add c.txt"

//切换到master分支，查看c.txt
git checkout master
ls //此时c.txt文件并不存在master分支上

//将dev合并到master上
git merge dev //将dev分支合并到当前分支上
Updating d17efd8..fec145a
Fast-forward
 a.txt |    1 +
 1 file changed, 1 insertion(+)
//注意上面的Fast-forward信息，表示“快进模式”，
即直接把master指向dev的当前提交，所以合并速度非常快。

//删除dev分支
git branch -d dev

Conclusion
查看分支：git branch
创建分支：git branch <name>
切换分支：git checkout <name>
创建+切换分支：git checkout -b <name>
合并某分支到当前分支：git merge <name>
删除分支： git branch -d <name>



12 解决冲突
人生不如意之事十之八九。

//创建fe分支并切换到fe
git checkout -b fe

//修改a.txt文件
vi a.txt
git add a.txt
git commit -m "add sth"

//切换到master分支并修改a.txt
git checkout master //Your branch is ahead of 'origin/master' by 1 commit.
vi a.txt
git add a.txt
git commit -m "add sth"

//合并fe分支到当前分支
git merge fe
Auto-merging a.txt
CONFLICT (content): Merge conflict in a.txt
Automatic merge failed; fix conflicts and then commit the result.

//现在文件发生冲突了，必须手工解决才行。
//查看工作区
git status

//查看冲突文件
cat a.txt
<<<<<<< HEAD
abc & ddddddddd
=======
abc and dddd
what can i do for you?
>>>>>>> fe1

//修改完毕后
git add a.txt
git commit -m "fix conflict"

//用带参数的git log命令可以看到分支的合并情况
git log --graph --pretty=oneline --abbrev-commit
* 0b6bb88 add dd
*   d41a761 fix conflict
|\
| * 613bfae and ddd
* | 8e2b2f8 & ddd
* | d798348 & simple
|/
* 309cd83 add c.txt
* bc171b0 add b.txt
* 505d08c create a.txt

//删除分支fe
git branch -d fe

Conclusion
将某个分支合并到当前分支时，可能会有冲突，此时要处理冲突后，才能提交。
使用git log --graph可以看到分支合并图。


13 分支管理策略
//使用no-ff方式合并（之前是Fast-forward模式）
//新建分支fly
git checkout -b fly

//修改b.txt
vi b.txt
git add b.txt
git commit -m "xxx"

//切换到master分支，执行合并
git merge --no-ff -m "merge with no-ff" fly

#分支策略
master分支应该是非常稳定的，也就是仅用来发布新版本，平时不能在上面干活。
要在dev分支上，也就是说，dev分支是不稳定的，到某个时候，比如1.0版本发布时，
再把dev分支合并到master分支上，在master分支发布1.0版本。

Conclusion
合并分支时，加上--no-ff参数表示使用普通模式合并，合并后的历史有分支，
能看出来曾经做过合并，而fast-forward合并看不出来曾经做过合并。


14 Bug分支
有如下场景
你在dev分支上正在开发，突然你收到了一个代号110的紧急bug，此时你需要保存当前dev分支现场。
先处理完bug，再回到dev分支上开发。

how to do?
//使用git stash命令将当前工作（fly分支）现场“储藏”起来，等以后恢复现场后继续工作。
git stash
Saved working directory and index state WIP on fly: fbd673d add line
HEAD is now at fbd673d add line
//此时工作区是干净的

//回到master分支
git checkout master
git checkout -b issue-110

//修得bug后，切换到master分支，并完成合并，最后删除issue-110分支。
git checkout master
git merge --no-ff -m "fix bug" issue-110

NOW，是时候回到fly分支干活了。
//切换到fly分支
git checkout fly

//工作现场存到哪儿了？用git stash list命令查看
git stash list
stash@{0}: WIP on fly: fbd673d add line

//工作现场还在，需要恢复下，两种方式
方式1
使用git stash apply，但是恢复后，stash内容并不删除，需要用git stash drop来删除。

方式2
使用git stash pop，恢复的同时把stash内容也删了。

git stash pop
On branch fly
Changes not staged for commit:
  (use "git add <file>..." to update what will be committed)
  (use "git checkout -- <file>..." to discard changes in working directory)

        modified:   b.txt

no changes added to commit (use "git add" and/or "git commit -a")
Dropped refs/stash@{0} (d4b2fc2442cf58496a12087759beec461f8fce0f)

此时git stash list什么也没有了


可以多次stash，恢复的时候，先用git stash list查看，然后再恢复指定的stash，使用下面命令。
git stash apply stash@{0}

Conclusion
修复bug时，可以通过创建新的分支处理bug，而不影响当前dev分支。
当手头工作没有完成时，可以先使用git stash命令保存起来，修复完bug后，
再使用git stash pop恢复工作现场。

15 Feature分支
当添加一个新功能时，不希望在当前分支上折腾，可以新建一个feature分支，在此分支上开发，
合并，最后删除。

//新建一个feature分支
git checkout -b feature-vulcan

//4分钟后，开发完毕，切换到dev分支，准备合并
git checkout dev
此时，经费不足，计划中止，销毁分支
git branch -d feature-vulcan
error: The branch 'feature-vulcan' is not fully merged.
If you are sure you want to delete it, run 'git branch -D feature-vulcan'.

提示销毁失败，feature-vulcan分支还没有被合并，如果删除，将丢失修改，如果要强行删除，
需要使用命令git branch -D feature-vulcan.

//强行删除
git branch -D feature-vulcan

Conclusion
开发一个新feature时，最好新建一个分支。
如果要丢弃一个没有被合并过的分支，使用强行删除命令git branch -D feature-vulcan。


16 多人协作
当从远程库克隆时，git会自动把本地的master分支和远程的master分支对应起来，
并且，远程库的默认名称是origin

//查看远程库信息
git remote

//或者使用-v参数显示更详细的信息
git remote -v
origin  git@github.com:fxcjj/fuckgit.git (fetch)
origin  git@github.com:fxcjj/fuckgit.git (push)

上面显示了可以抓取和推送的origin地址。如果没有推送权限，就看不到push地址。

推送分支
就是把分支上的所有本地提交推送到远程库。推送时，要指定本地分支，这样，
git就会把分支推送到远程库对应的远程分支上。
git push origin master

如果要推送其他分支，比如dev，就改成
git push origin dev

master分支是主分支，因此时刻与远程同步
dev分支是开发分支，团队所有成员都需要在上面工作，所以也需要与远程同步。

抓取分支
多人协作时，大家都会往master、dev推送各自的修改。

A君
//克隆远程库
git clone git@github.com:fxcjj/fuckgit.git

//创建远程origin的dev分支到本地dev分支
$ git checkout -b dev origin/dev
fatal: Cannot update paths and switch to branch 'dev' at the same time.
Did you intend to checkout 'origin/dev' which can not be resolved as commit?

上面报错是因为远程库上没有dev分支

$ git fetch
From github.com:fxcjj/fuckgit
 * [new branch]      dev        -> origin/dev

//创建远程origin的dev分支到本地dev分支
$ git checkout -b dev origin/dev
Branch dev set up to track remote branch dev from origin.
Switched to a new branch 'dev'

现在修改b.txt，然后提交，push到远程origin/dev分支
git push origin dev

B君
//抓取远程
git fetch
remote: Counting objects: 3, done.
remote: Compressing objects: 100% (2/2), done.
Unpacking objects: 100% (3/3), done.
remote: Total 3 (delta 0), reused 3 (delta 0), pack-reused 0
From github.com:fxcjj/fuckgit
 * [new branch]      dev        -> origin/dev

//切换到dev分支
git checkout dev

此时也修改相同文件，并提交，push
git add b.txt
git commit -m "update b.txt"
$ git push origin dev
To git@github.com:fxcjj/fuckgit.git
 ! [rejected]        dev -> dev (fetch first)
error: failed to push some refs to 'git@github.com:fxcjj/fuckgit.git'
hint: Updates were rejected because the remote contains work that you do
hint: not have locally. This is usually caused by another repository pushing
hint: to the same ref. You may want to first integrate the remote changes
hint: (e.g., 'git pull ...') before pushing again.
hint: See the 'Note about fast-forwards' in 'git push --help' for details.

//出现错误，要git pull一下下
$ git pull
remote: Counting objects: 3, done.
remote: Compressing objects: 100% (2/2), done.
remote: Total 3 (delta 0), reused 3 (delta 0), pack-reused 0
Unpacking objects: 100% (3/3), done.
From github.com:fxcjj/fuckgit
   c97a7ff..4373914  dev        -> origin/dev
Auto-merging b.txt
CONFLICT (content): Merge conflict in b.txt
Automatic merge failed; fix conflicts and then commit the result.

处理冲突后，再提交push即可。

//如果git pull失败了
git pull
remote: Counting objects: 5, done.
remote: Compressing objects: 100% (2/2), done.
remote: Total 3 (delta 0), reused 3 (delta 0)
Unpacking objects: 100% (3/3), done.
From github.com:michaelliao/learngit
   fc38031..291bea8  dev        -> origin/dev
There is no tracking information for the current branch.
Please specify which branch you want to merge with.
See git-pull(1) for details

    git pull <remote> <branch>

If you wish to set tracking information for this branch you can do so with:

    git branch --set-upstream dev origin/<branch>

原因是没有指定本地dev分支与远程库origin/dev分支的链接，根据提示，设置dev和origin/dev的链接。
git branch --set-upstream dev origin/dev
Branch dev set up to track remote branch dev from origin

再pull即可

Conclusion
1 推送本地分支到远程库 git push origin <branch-name>
2 如果推送失败，说明本地分支过期，git pull
3 如果有冲突，处理冲突
4 没有冲突或者冲突解决后，再用git push origin <branch-name>推送。
5 如果git pull提示no tracking information，则说明本地分支和远程分支的链接没有创建。，
	使用命令git branch --set-upstream branch-name origin/branch-name	
6 查看远程库信息，使用git remote -v


17 创建标签
//切换到dev分支
git checkout dev

//查看tag
git tag

//在dev分支上新建tag
git tag v1.0

默认标签是打在最新提交的commit上的。
如果忘记打tag，比如，今儿周五，你需要打周一的tag，咋办？
方法是找到历史commit id，然后打上即可。
//查看历史commmit
git log --pretty=oneline --abbrev-commit
bc171b0 you guess
505d08c create ff
8kd023b update fuc

比如，你要在create ff这打个tag，看下面。
git tag v0.9 505d08c

//查看tag
v0.9
v1.0

注意：标签不是按时间顺序列出，而是按字母排序的。可以用git show <tagname>查看标签信息。

//查看标签信息
git show v0.9
commit 505d08c52bef691bdff878382aa91605994860c1
Author: lihua.luo <lihua.luo@picahealth.com>
Date:   Mon Jul 17 23:44:44 2017 +0800

    create a.txt

diff --git a/a.txt b/a.txt
new file mode 100644
index 0000000..f2ba8f8
--- /dev/null
+++ b/a.txt
@@ -0,0 +1 @@
+abc
\ No newline at end of file

//添加带有说明的tag，使用-a指定标签名，-m指定说明信息
git tag -a v1.0 -m "version 0.1 released" 505d08c


//使用-s用私钥签名一个标签
git tag -s v0.2 -m "test sign" 505d08c

默认使用PGP签名，因此首先安装gpg(GnuPG)，如果没找到gpg，或者没有gpg密钥对，报错：
gpg: directory `/c/Users/123/.gnupg' created
gpg: new configuration file `/c/Users/123/.gnupg/gpg.conf' created
gpg: WARNING: options in `/c/Users/123/.gnupg/gpg.conf' are not yet active during this run
gpg: keyring `/c/Users/123/.gnupg/secring.gpg' created
gpg: keyring `/c/Users/123/.gnupg/pubring.gpg' created
gpg: skipped "lihua.luo <lihua.luo@picahealth.com>": secret key not available
gpg: signing failed: secret key not available
error: gpg failed to sign the data
error: unable to sign the tag

如果报错，请参考GnuPG帮助文档配置Key.

用PGP签名的标签是不可伪造的，因为可以验证PGP签名。验证签名的方法比较复杂，这里就不介绍了。

Conclusion
1 查看所有tag命令: git tag
2 新建tag: git tag <tagname>
3 新建指定commit tag: git tag <tagname> <commit id>
4 指定说明信息: git tag -a <tagname> -m "intruduce" [commit id]
5 tag详细信息: git show <tagname>
6 签名tag: git tag -s v4.9 -m "test sign" 3e46dhc

18 操作标签
//删除标签
git tag -d v0.9
Deleted tag 'v0.9' (was 505d08c)

创建的标签是存储在本地的，不会自动提交到远程库，如果要提交，使用下面命令
//推送标签到远程库
$ git push origin v1.0
Total 0 (delta 0), reused 0 (delta 0)
To git@github.com:fxcjj/fuckgit.git
 * [new tag]         v1.0 -> v1.0

或者

//推送所有tag到远程库
git push origin --tags

查看github，真有！

如果想删除远程tag，执行如下：
//先删除本地tag
$ git tag -d v0.9
Deleted tag 'v0.9' (was bc171b0)

//再删除远程tag
$ git push origin :refs/tags/v0.9
To git@github.com:fxcjj/fuckgit.git
 - [deleted]         v0.9

查看github，真删除了！

Conclusion
1 删除标签: git tag -d <tagname>
2 推送单个标签到远程: git push origin v1.0
3 推送所有标签到远程: git push origin --tags
4 删除远程标签:
	git tag -d v1.2
	git push origin :refs/tags/v1.2


19 使用github

//github
http://github.com/

可以将别人的项目fork到自己的仓库下，然后clone到本地，可以进行push等。
当需要把自己的项目合并到别人的项目上，可pull request，别人一定会同意滴！

Conclusion
1 在github上，可以任意fork开源仓库
2 自己拥有fork后的仓库的读写权限
3 可以pull request给官方仓库来贡献代码

20 使用码云
码云和github类似，是一个代码管理网址。
相比github，码云提供免费的git仓库，提供私有库哟~

//码云地址
https://gitee.com/

使用和github一样，需要将公钥加入SSH公钥上。

//将本地库和码云的远程库关系
git remote add origin git@xxxxxx/learngit.git

之后就可push, pull

如果在使用命令git remote add时报错
git remote add origin git@xxxx/learngit.git
fatal: remote origin already exists

说明本地库已经关联了一个名叫origin的远程库，此时，可使用git remote -v查看远程库信息
git remote -v
origin    git@xxx/learngit.git (fetch)
origin    git@xxx/learngit.git (push)

可以看到，本地库已经关联了origin的远程库，并且，该远程库指向github。

//先删除已有的github远程库
git remote rm origin

//再关联码云的远程库（注意填写正确的用户名）
git remote add origin git@xxx/learngit.git

再次查看远程库信息
git remote -v
origin    git@xxx/learngit.git (fetch)
origin    git@xxx/learngit.git (push)

现在你可以git push了

问一个本地库能不能关联githug，又关联码云呢？？？
当当然，git是分布式的，可以同步到另外一个远程库，当然也可以同步到另外两个远程库。
使用多个远程库时，注意，git给远程库起的默认名称是origin，如果有多个远程库，我们需要
用不同的名称来标识不同的远程库。

如：以learngit本地库为例，先删除已关联的名为origin的远程库
git remote rm origin

然后，先关联github的远程库
git remote add github git@xxx/learngit.git

注意，远程库的名称叫github，不叫origin了。

接着，再关联码云的远程库
git remote add gitee git @xxx/learngit.git

注意，叫gitee

now, we use git remote -v 查看远程库信息，可以看到两个远程库
git remote -v
gitee  git@xxx/learngit.git (fetch)
gitee  git@xxx/learngit.git (push)
github  git@xxx/learngit.git (fetch)
github  git@xxx/learngit.git (push)

如果要推送到github，使用命令
git push github master

如果使用码云，使用命令
git push gitee master

这样，我们的本地库就可以同时与多个远程库互相同步
GitHub		Gitee
	^		  ^
	|		  |
	-----------
		 |
	  本地仓库

码云同样提供了pull request功能，可以让其他小伙伴参与到你的项目中来。

Conclusion
1 gitee是什么？
2 在gitee上添加公钥
3 在gitee上创建项目
4 将本地库与github、gitee关联

21 自定义git

//可以配置颜色，这样看起来会醒目
$git config --global color.ui true

22 忽略特殊文件
在repo下新建.gitignore文件，编辑文件，写过滤规则，如：
# Windows:
Thumbs.db
ehthumbs.db
Desktop.ini

# Java Compiled class
*.class

要将此文件提交到git上，

当有时想add一个文件时，但发现添加不了，那可能是忽略了！！！
$ git add App.class
The following paths are ignored by one of your .gitignore files:
App.class
Use -f if you really want to add them.

如果你确实想添加该文件，可以用-f强制添加到Git
$ git add -f App.class

或者你觉得.gitignore文件写的有问题，可以check一下
$ git check-ignore -v App.class
.gitignore:3:*.class    App.class

Git会告诉我们，.gitignore的第3行规则忽略了该文件，于是我们就可以知道应该修订哪个规则。

Conclusion
1 忽略某些文件时，需要编写.gitignore；
2 .gitignore文件本身要放到版本库里，并且可以对.gitignore做版本管理！

23 配置别名
//将git status配置别名
$ git config --global alias.st status

当然还有别的命令可以简写，很多人都用co表示checkout，ci表示commit，br表示branch：
$ git config --global alias.co checkout
$ git config --global alias.ci commit
$ git config --global alias.br branch
以后提交就可以简写成：
$ git ci -m "bala bala bala..."
--global参数是全局参数，也就是这些命令在这台电脑的所有Git仓库下都有用。

在撤销修改一节中，我们知道，命令git reset HEAD file可以把暂存区的修改撤销掉（unstage），重新放回工作区。既然是一个unstage操作，就可以配置一个unstage别名：

$ git config --global alias.unstage 'reset HEAD'
当你敲入命令：

$ git unstage test.py
实际上Git执行的是：

$ git reset HEAD test.py
配置一个git last，让其显示最后一次提交信息：

$ git config --global alias.last 'log -1'
这样，用git last就能显示最近一次的提交：

$ git last
commit adca45d317e6d8a4b23f9811c3d7b7f0f180bfe2
Merge: bd6ae48 291bea8
Author: Michael Liao <askxuefeng@gmail.com>
Date:   Thu Aug 22 22:49:22 2013 +0800

    merge & fix hello.py
甚至还有人丧心病狂地把lg配置成了：

git config --global alias.lg "log --color --graph --pretty=format:'%Cred%h%Creset -%C(yellow)%d%Creset %s %Cgreen(%cr) %C(bold blue)<%an>%Creset' --abbrev-commit"

配置文件
配置Git的时候，加上--global是针对当前用户起作用的，如果不加，那只针对当前的仓库起作用。

配置文件放哪了？每个仓库的Git配置文件都放在.git/config文件中：
$ cat .git/config
[core]
        repositoryformatversion = 0
        filemode = false
        bare = false
        logallrefupdates = true
        symlinks = false
        ignorecase = true
        hideDotFiles = dotGitOnly
[remote "origin"]
        url = git@github.com:fxcjj/note.git
        fetch = +refs/heads/*:refs/remotes/origin/*
[branch "master"]
        remote = origin
        merge = refs/heads/master
[alias]
    last = log -1

别名就在[alias]后面，要删除别名，直接把对应的行删掉即可。

而当前用户的Git配置文件放在用户主目录下的一个隐藏文件.gitconfig中

$ cat .gitconfig
[alias]
    co = checkout
    ci = commit
    br = branch
    st = status
[user]
    name = Your Name
    email = your@email.com
配置别名也可以直接修改这个文件，如果改错了，可以删掉文件重新通过命令配置。

Conclusion
1 配置别名喽

24 搭建Git服务器




